[DWRestorator] Using local pose visualization module (absolute import)
======================================================================
DwRestorator Node - Integration Tests
======================================================================

[TEST 1] Node Initialization
----------------------------------------------------------------------
python : Traceback (most recent call last):
At line:1 char:68
+ ... ivate.ps1'; python test_integration.py > test_output.txt 2>&1; cat te 
...
+                 ~~~~~~~~~~~~~~~~~~~~~~~~~~~~~~~~~~~~~~~~~~~~~~~~~
    + CategoryInfo          : NotSpecified: (Traceback (most recent call last 
   )::String) [], RemoteException
    + FullyQualifiedErrorId : NativeCommandError
 
  File "E:\ComfyUI_windows_portable\ComfyUI\custom_nodes\dwpose_restorator\tes
t_integration.py", line 119, in test_node_initialization
    print("\u2713 Node initialized successfully")
    ~~~~~^^^^^^^^^^^^^^^^^^^^^^^^^^^^^^^^^^^
  File "C:\Program Files\WindowsApps\PythonSoftwareFoundation.Python.3.13_3.13
.2544.0_x64__qbz5n2kfra8p0\Lib\encodings\cp1251.py", line 19, in encode
    return codecs.charmap_encode(input,self.errors,encoding_table)[0]
           ~~~~~~~~~~~~~~~~~~~~~^^^^^^^^^^^^^^^^^^^^^^^^^^^^^^^^^^
UnicodeEncodeError: 'charmap' codec can't encode character '\u2713' in 
position 0: character maps to <undefined>

During handling of the above exception, another exception occurred:

Traceback (most recent call last):
  File "E:\ComfyUI_windows_portable\ComfyUI\custom_nodes\dwpose_restorator\tes
t_integration.py", line 361, in main
    result = test()
  File "E:\ComfyUI_windows_portable\ComfyUI\custom_nodes\dwpose_restorator\tes
t_integration.py", line 140, in test_node_initialization
    print(f"\u2717 Initialization failed: {e}")
    ~~~~~^^^^^^^^^^^^^^^^^^^^^^^^^^^^^^^^^
  File "C:\Program Files\WindowsApps\PythonSoftwareFoundation.Python.3.13_3.13
.2544.0_x64__qbz5n2kfra8p0\Lib\encodings\cp1251.py", line 19, in encode
    return codecs.charmap_encode(input,self.errors,encoding_table)[0]
           ~~~~~~~~~~~~~~~~~~~~~^^^^^^^^^^^^^^^^^^^^^^^^^^^^^^^^^^
UnicodeEncodeError: 'charmap' codec can't encode character '\u2717' in 
position 0: character maps to <undefined>

During handling of the above exception, another exception occurred:

Traceback (most recent call last):
  File "E:\ComfyUI_windows_portable\ComfyUI\custom_nodes\dwpose_restorator\tes
t_integration.py", line 388, in <module>
    success = main()
  File "E:\ComfyUI_windows_portable\ComfyUI\custom_nodes\dwpose_restorator\tes
t_integration.py", line 364, in main
    print(f"\n\u2717 Test {test.__name__} crashed: {e}")
    ~~~~~^^^^^^^^^^^^^^^^^^^^^^^^^^^^^^^^^^^^^^^^^^
  File "C:\Program Files\WindowsApps\PythonSoftwareFoundation.Python.3.13_3.13
.2544.0_x64__qbz5n2kfra8p0\Lib\encodings\cp1251.py", line 19, in encode
    return codecs.charmap_encode(input,self.errors,encoding_table)[0]
           ~~~~~~~~~~~~~~~~~~~~~^^^^^^^^^^^^^^^^^^^^^^^^^^^^^^^^^^
UnicodeEncodeError: 'charmap' codec can't encode character '\u2717' in 
position 2: character maps to <undefined>
